// Jest Snapshot v1, https://goo.gl/fbAQLP

exports[`components/next_steps_view should match snapshot 1`] = `
<section
  className="app__content NextStepsView"
  id="app-content"
>
  <header
    className="NextStepsView__header"
  >
    <div
      className="NextStepsView__header-headerText"
    >
      <h1
        className="NextStepsView__header-headerTopText"
      >
        <FormattedMessage
          defaultMessage="Welcome to Mattermost"
          id="next_steps_view.welcomeToMattermost"
          values={Object {}}
        />
      </h1>
      <h2
        className="NextStepsView__header-headerBottomText"
      >
        <FormattedMessage
          defaultMessage="Here are some recommended next steps to help you get started"
          id="next_steps_view.hereAreSomeNextSteps"
          values={Object {}}
        />
      </h2>
    </div>
    <div
      className="NextStepsView__header-logo"
    >
      <img
        src={null}
      />
    </div>
  </header>
  <div
    className="NextStepsView__body"
  >
    <div
      className="NextStepsView__body-main"
    >
      <Accordion
        defaultExpandedKey="Card_1"
      >
        <Component />
      </Accordion>
    </div>
    <div
      className="NextStepsView__body-graphic"
    />
  </div>
</section>
`;
