// Jest Snapshot v1, https://goo.gl/fbAQLP

exports[`components/card/card should match snapshot 1`] = `
<Card
  expanded={false}
>
  <div
    className="Card"
  >
    <CardHeader
      expanded={false}
      key=".0"
    >
      <div
        className="Card__header"
      >
        Header Test
      </div>
    </CardHeader>
    <CardBody
      expanded={false}
      key=".1"
    >
      <div
        className="Card__body"
      >
        Body Test
      </div>
    </CardBody>
  </div>
</Card>
`;
